Archive member included because of file (symbol)

/home/tm/Graphene/graphene/LibOS/build/elf/rtld-libc.a(rtld-check_fds.os)
                              /home/tm/Graphene/graphene/LibOS/build/elf/dl-allobjs.os (__libc_check_standard_fds)
/home/tm/Graphene/graphene/LibOS/build/elf/rtld-libc.a(rtld-errno.os)
                              /home/tm/Graphene/graphene/LibOS/build/elf/dl-allobjs.os (rtld_errno)
/home/tm/Graphene/graphene/LibOS/build/elf/rtld-libc.a(rtld-closedir.os)
                              /home/tm/Graphene/graphene/LibOS/build/elf/dl-allobjs.os (__closedir)
/home/tm/Graphene/graphene/LibOS/build/elf/rtld-libc.a(rtld-readdir.os)
                              /home/tm/Graphene/graphene/LibOS/build/elf/dl-allobjs.os (__readdir)
/home/tm/Graphene/graphene/LibOS/build/elf/rtld-libc.a(rtld-rewinddir.os)
                              /home/tm/Graphene/graphene/LibOS/build/elf/dl-allobjs.os (rewinddir)
/home/tm/Graphene/graphene/LibOS/build/elf/rtld-libc.a(rtld-getdents.os)
                              /home/tm/Graphene/graphene/LibOS/build/elf/rtld-libc.a(rtld-readdir.os) (__getdents)
/home/tm/Graphene/graphene/LibOS/build/elf/rtld-libc.a(rtld-fdopendir.os)
                              /home/tm/Graphene/graphene/LibOS/build/elf/dl-allobjs.os (__fdopendir)
/home/tm/Graphene/graphene/LibOS/build/elf/rtld-libc.a(rtld-profil.os)
                              /home/tm/Graphene/graphene/LibOS/build/elf/dl-allobjs.os (__profil)
/home/tm/Graphene/graphene/LibOS/build/elf/rtld-libc.a(rtld-prof-freq.os)
                              /home/tm/Graphene/graphene/LibOS/build/elf/dl-allobjs.os (__profile_frequency)
/home/tm/Graphene/graphene/LibOS/build/elf/rtld-libc.a(rtld-xstat.os)
                              /home/tm/Graphene/graphene/LibOS/build/elf/dl-allobjs.os (__GI___xstat64)
/home/tm/Graphene/graphene/LibOS/build/elf/rtld-libc.a(rtld-fxstat.os)
                              /home/tm/Graphene/graphene/LibOS/build/elf/dl-allobjs.os (__GI___fxstat64)
/home/tm/Graphene/graphene/LibOS/build/elf/rtld-libc.a(rtld-lxstat.os)
                              /home/tm/Graphene/graphene/LibOS/build/elf/dl-allobjs.os (__GI___lxstat64)
/home/tm/Graphene/graphene/LibOS/build/elf/rtld-libc.a(rtld-open.os)
                              /home/tm/Graphene/graphene/LibOS/build/elf/dl-allobjs.os (__open)
/home/tm/Graphene/graphene/LibOS/build/elf/rtld-libc.a(rtld-close.os)
                              /home/tm/Graphene/graphene/LibOS/build/elf/dl-allobjs.os (__close)
/home/tm/Graphene/graphene/LibOS/build/elf/rtld-libc.a(rtld-read.os)
                              /home/tm/Graphene/graphene/LibOS/build/elf/dl-allobjs.os (__libc_read)
/home/tm/Graphene/graphene/LibOS/build/elf/rtld-libc.a(rtld-write.os)
                              /home/tm/Graphene/graphene/LibOS/build/elf/dl-allobjs.os (__libc_write)
/home/tm/Graphene/graphene/LibOS/build/elf/rtld-libc.a(rtld-access.os)
                              /home/tm/Graphene/graphene/LibOS/build/elf/dl-allobjs.os (__access)
/home/tm/Graphene/graphene/LibOS/build/elf/rtld-libc.a(rtld-fcntl.os)
                              /home/tm/Graphene/graphene/LibOS/build/elf/rtld-libc.a(rtld-check_fds.os) (__libc_fcntl)
/home/tm/Graphene/graphene/LibOS/build/elf/rtld-libc.a(rtld-mmap.os)
                              /home/tm/Graphene/graphene/LibOS/build/elf/dl-allobjs.os (__mmap)
/home/tm/Graphene/graphene/LibOS/build/elf/rtld-libc.a(rtld-munmap.os)
                              /home/tm/Graphene/graphene/LibOS/build/elf/dl-allobjs.os (__munmap)
/home/tm/Graphene/graphene/LibOS/build/elf/rtld-libc.a(rtld-mprotect.os)
                              /home/tm/Graphene/graphene/LibOS/build/elf/dl-allobjs.os (__mprotect)
/home/tm/Graphene/graphene/LibOS/build/elf/rtld-libc.a(rtld-llseek.os)
                              /home/tm/Graphene/graphene/LibOS/build/elf/dl-allobjs.os (__lseek)
/home/tm/Graphene/graphene/LibOS/build/elf/rtld-libc.a(rtld-uname.os)
                              /home/tm/Graphene/graphene/LibOS/build/elf/dl-allobjs.os (__uname)
/home/tm/Graphene/graphene/LibOS/build/elf/rtld-libc.a(rtld-_exit.os)
                              /home/tm/Graphene/graphene/LibOS/build/elf/dl-allobjs.os (_exit)
/home/tm/Graphene/graphene/LibOS/build/elf/rtld-libc.a(rtld-getpid.os)
                              /home/tm/Graphene/graphene/LibOS/build/elf/dl-allobjs.os (__getpid)
/home/tm/Graphene/graphene/LibOS/build/elf/rtld-libc.a(rtld-environ.os)
                              /home/tm/Graphene/graphene/LibOS/build/elf/dl-allobjs.os (__environ)
/home/tm/Graphene/graphene/LibOS/build/elf/rtld-libc.a(rtld-setjmp.os)
                              /home/tm/Graphene/graphene/LibOS/build/elf/dl-allobjs.os (__sigsetjmp)
/home/tm/Graphene/graphene/LibOS/build/elf/rtld-libc.a(rtld-__longjmp.os)
                              /home/tm/Graphene/graphene/LibOS/build/elf/dl-allobjs.os (__longjmp)
/home/tm/Graphene/graphene/LibOS/build/elf/rtld-libc.a(rtld-sigaction.os)
                              /home/tm/Graphene/graphene/LibOS/build/elf/rtld-libc.a(rtld-profil.os) (__sigaction)
/home/tm/Graphene/graphene/LibOS/build/elf/rtld-libc.a(rtld-strchr.os)
                              /home/tm/Graphene/graphene/LibOS/build/elf/dl-allobjs.os (strchr)
/home/tm/Graphene/graphene/LibOS/build/elf/rtld-libc.a(rtld-strcmp.os)
                              /home/tm/Graphene/graphene/LibOS/build/elf/dl-allobjs.os (strcmp)
/home/tm/Graphene/graphene/LibOS/build/elf/rtld-libc.a(rtld-strcpy.os)
                              /home/tm/Graphene/graphene/LibOS/build/elf/dl-allobjs.os (strcpy)
/home/tm/Graphene/graphene/LibOS/build/elf/rtld-libc.a(rtld-strlen.os)
                              /home/tm/Graphene/graphene/LibOS/build/elf/dl-allobjs.os (strlen)
/home/tm/Graphene/graphene/LibOS/build/elf/rtld-libc.a(rtld-strnlen.os)
                              /home/tm/Graphene/graphene/LibOS/build/elf/dl-allobjs.os (strnlen)
/home/tm/Graphene/graphene/LibOS/build/elf/rtld-libc.a(rtld-memchr.os)
                              /home/tm/Graphene/graphene/LibOS/build/elf/dl-allobjs.os (memchr)
/home/tm/Graphene/graphene/LibOS/build/elf/rtld-libc.a(rtld-memcmp.os)
                              /home/tm/Graphene/graphene/LibOS/build/elf/dl-allobjs.os (memcmp)
/home/tm/Graphene/graphene/LibOS/build/elf/rtld-libc.a(rtld-memmove.os)
                              /home/tm/Graphene/graphene/LibOS/build/elf/dl-allobjs.os (memmove)
/home/tm/Graphene/graphene/LibOS/build/elf/rtld-libc.a(rtld-memset.os)
                              /home/tm/Graphene/graphene/LibOS/build/elf/dl-allobjs.os (memset)
/home/tm/Graphene/graphene/LibOS/build/elf/rtld-libc.a(rtld-mempcpy.os)
                              /home/tm/Graphene/graphene/LibOS/build/elf/dl-allobjs.os (mempcpy)
/home/tm/Graphene/graphene/LibOS/build/elf/rtld-libc.a(rtld-stpcpy.os)
                              /home/tm/Graphene/graphene/LibOS/build/elf/dl-allobjs.os (stpcpy)
/home/tm/Graphene/graphene/LibOS/build/elf/rtld-libc.a(rtld-memcpy.os)
                              /home/tm/Graphene/graphene/LibOS/build/elf/dl-allobjs.os (memcpy)
/home/tm/Graphene/graphene/LibOS/build/elf/rtld-libc.a(rtld-wordcopy.os)
                              /home/tm/Graphene/graphene/LibOS/build/elf/rtld-libc.a(rtld-memmove.os) (_wordcopy_fwd_aligned)
/home/tm/Graphene/graphene/LibOS/build/elf/rtld-libc.a(rtld-rawmemchr.os)
                              /home/tm/Graphene/graphene/LibOS/build/elf/dl-allobjs.os (rawmemchr)
/home/tm/Graphene/graphene/LibOS/build/elf/rtld-libc.a(rtld-cacheinfo.os)
                              /home/tm/Graphene/graphene/LibOS/build/elf/rtld-libc.a(rtld-memset.os) (__x86_64_shared_cache_size)
/home/tm/Graphene/graphene/LibOS/build/elf/rtld-libc.a(rtld-setitimer.os)
                              /home/tm/Graphene/graphene/LibOS/build/elf/rtld-libc.a(rtld-profil.os) (__setitimer)
/home/tm/Graphene/graphene/LibOS/build/elf/rtld-libc.a(rtld-init-arch.os)
                              /home/tm/Graphene/graphene/LibOS/build/elf/rtld-libc.a(rtld-cacheinfo.os) (__init_cpu_features)
/home/tm/Graphene/graphene/LibOS/build/elf/rtld-libc.a(rtld-bsearch.os)
                              /home/tm/Graphene/graphene/LibOS/build/elf/rtld-libc.a(rtld-cacheinfo.os) (bsearch)

Memory Configuration

Name             Origin             Length             Attributes
*default*        0x0000000000000000 0xffffffffffffffff

Linker script and memory map

START GROUP
LOAD /home/tm/Graphene/graphene/LibOS/build/elf/dl-allobjs.os
LOAD /home/tm/Graphene/graphene/LibOS/build/elf/rtld-libc.a
LOAD /usr/lib/gcc/x86_64-linux-gnu/4.6/libgcc.a
END GROUP

.interp
 *(.interp)

.note.gnu.build-id
 *(.note.gnu.build-id)

.hash
 *(.hash)

.gnu.hash
 *(.gnu.hash)

.dynsym
 *(.dynsym)

.dynstr
 *(.dynstr)

.gnu.version
 *(.gnu.version)

.gnu.version_d
 *(.gnu.version_d)

.gnu.version_r
 *(.gnu.version_r)

.rela.init
 *(.rela.init)

.rela.text
 *(.rela.text)

.rela.fini
 *(.rela.fini)

.rela.rodata
 *(.rela.rodata)

.rela.data.rel.ro
 *(.rela.data.rel.ro)

.rela.data
 *(.rela.data)

.rela.tdata
 *(.rela.tdata)

.rela.tbss
 *(.rela.tbss)

.rela.ctors
 *(.rela.ctors)

.rela.dtors
 *(.rela.dtors)

.rela.got
 *(.rela.got)

.rela.bss
 *(.rela.bss)

.rela.ldata
 *(.rela.ldata)

.rela.lbss
 *(.rela.lbss)

.rela.lrodata
 *(.rela.lrodata)

.rela.ifunc
 *(.rela.ifunc)

.rela.plt
 *(.rela.plt)

.init
 *(.init)

.plt
 *(.plt)
 *(.iplt)

.text           0x0000000000000000    0x184da
 *(.text .stub)
 .text          0x0000000000000000    0x15332 /home/tm/Graphene/graphene/LibOS/build/elf/dl-allobjs.os
                0x0000000000000000                _start
                0x0000000000000008                _dl_start_user
                0x0000000000000080                _dl_initial_error_catch_tsd
                0x0000000000005d10                _dl_dst_count
                0x0000000000005dc0                _dl_dst_substitute
                0x0000000000006400                _dl_init_paths
                0x0000000000006800                _dl_map_object
                0x00000000000070c0                _dl_rtld_di_serinfo
                0x0000000000007c60                _dl_lookup_symbol_x
                0x0000000000008c40                _dl_setup_hash
                0x0000000000008d00                _dl_add_to_namespace_list
                0x0000000000008da0                _dl_new_object
                0x00000000000090d0                _dl_try_allocate_static_tls
                0x00000000000091c0                _dl_allocate_static_tls
                0x00000000000091f0                _dl_nothread_init_static_tls
                0x0000000000009280                _dl_protect_relro
                0x00000000000092e0                _dl_reloc_bad_type
                0x00000000000093b0                _dl_relocate_object
                0x000000000000a8d0                _dl_map_object_deps
                0x000000000000ba60                _dl_important_hwcaps
                0x000000000000c1d0                _dl_fixup
                0x000000000000c3f0                _dl_profile_fixup
                0x000000000000c980                _dl_call_pltexit
                0x000000000000ca90                _dl_signal_error
                0x000000000000cc10                _dl_signal_cerror
                0x000000000000ccb0                _dl_catch_error
                0x000000000000cda0                _dl_receive_error
                0x000000000000cf60                _dl_init_internal
                0x000000000000cf60                _dl_init
                0x000000000000d080                _dl_sort_fini
                0x000000000000d2e0                _dl_fini
                0x000000000000d6d0                __libc_dl_debug_state
                0x000000000000d6e0                _dl_debug_initialize
                0x000000000000dd10                _dl_sysdep_read_whole_file
                0x000000000000ddc0                _dl_debug_printf
                0x000000000000de20                _dl_debug_printf_c
                0x000000000000de80                _dl_dprintf
                0x000000000000ded0                _dl_name_match_p
                0x000000000000df40                _dl_higher_prime_number
                0x000000000000e390                _dl_check_map_versions
                0x000000000000e800                _dl_check_all_versions
                0x000000000000e870                _dl_start_profile
                0x000000000000ef90                _dl_mcount_internal
                0x000000000000ef90                _dl_mcount
                0x000000000000f1e0                _dl_resolve_conflicts
                0x000000000000f400                _dl_next_tls_modid
                0x000000000000f4e0                _dl_determine_tlsoffset
                0x000000000000f6b0                __GI__dl_tls_setup
                0x000000000000f6b0                _dl_tls_setup
                0x000000000000f760                _dl_get_tls_static_info
                0x000000000000f780                _dl_allocate_tls_storage
                0x000000000000f8c0                __GI__dl_allocate_tls_init
                0x000000000000f8c0                _dl_allocate_tls_init
                0x000000000000fae0                __GI__dl_allocate_tls
                0x000000000000fae0                _dl_allocate_tls
                0x000000000000fb20                _dl_deallocate_tls
                0x000000000000fb20                __GI__dl_deallocate_tls
                0x000000000000fbb0                _dl_update_slotinfo
                0x000000000000fec0                __tls_get_addr
                0x000000000000ff00                _dl_tls_get_addr_soft
                0x000000000000ff80                _dl_add_to_slotinfo
                0x0000000000010060                _dl_get_origin
                0x00000000000101f0                _dl_scope_free
                0x00000000000102c0                _dl_make_stack_executable
                0x00000000000102c0                __GI__dl_make_stack_executable
                0x0000000000010360                _dl_check_caller
                0x0000000000010710                _dl_open
                0x0000000000010a90                _dl_show_scope
                0x0000000000010bb0                _dl_addr_inside_object
                0x00000000000117a0                _dl_close_worker
                0x0000000000012610                _dl_close
                0x0000000000012690                _dl_runtime_resolve
                0x0000000000012700                _dl_runtime_profile
                0x0000000000012c60                _dl_x86_64_save_sse
                0x0000000000012d50                _dl_x86_64_restore_sse
                0x0000000000012e00                register_library
                0x0000000000012e04                syscalldb
                0x0000000000012e10                _dl_cache_libcmp
                0x0000000000012f00                _dl_load_cache_lookup
                0x0000000000013470                _dl_unload_cache
                0x00000000000134b0                _dl_sysdep_start
                0x0000000000013760                _dl_sysdep_start_cleanup
                0x0000000000013770                _dl_show_auxv
                0x0000000000013920                _dl_discover_osversion
                0x0000000000013b00                _dl_next_ld_env_entry
                0x0000000000013b40                unsetenv
                0x0000000000013bb0                __libc_memalign
                0x0000000000013cb0                malloc
                0x0000000000013cc0                calloc
                0x0000000000013d00                free
                0x0000000000013d30                __sigjmp_save
                0x0000000000013d40                __strerror_r
                0x0000000000013e20                __GI___assert_fail
                0x0000000000013e20                __assert_fail
                0x0000000000013e70                realloc
                0x0000000000013f20                __GI___assert_perror_fail
                0x0000000000013f20                __assert_perror_fail
                0x0000000000013f90                __strtoul_internal
                0x0000000000014130                _itoa
                0x0000000000014190                __strsep
                0x0000000000014190                strsep
                0x0000000000014190                __strsep_g
                0x0000000000014220                __GI___chk_fail
                0x0000000000014220                __chk_fail
                0x0000000000014230                __brk
                0x0000000000014230                brk
                0x0000000000014290                sbrk
                0x0000000000014290                __sbrk
                0x0000000000014930                __getcwd
                0x0000000000014930                getcwd
                0x00000000000149b0                openat64
                0x0000000000014a10                __alloc_dir
                0x0000000000014b40                __opendirat
                0x0000000000014bb0                __opendir
                0x0000000000014bb0                opendir
                0x0000000000014bc0                __fxstatat
                0x0000000000014bc0                __fxstatat64
                0x0000000000014bc0                __GI___fxstatat64
                0x0000000000014c10                _dl_make_tlsdesc_dynamic
                0x0000000000014ee0                _dl_tlsdesc_resolve_rela_fixup
                0x00000000000150c0                _dl_tlsdesc_resolve_hold_fixup
                0x0000000000015100                _dl_unmap
                0x0000000000015190                _dl_tlsdesc_return
                0x00000000000151a0                _dl_tlsdesc_undefweak
                0x00000000000151b0                _dl_tlsdesc_dynamic
                0x0000000000015250                _dl_tlsdesc_resolve_rela
                0x00000000000152c0                _dl_tlsdesc_resolve_hold
 *fill*         0x0000000000015332        0xe 90909090
 .text          0x0000000000015340      0x102 /home/tm/Graphene/graphene/LibOS/build/elf/rtld-libc.a(rtld-check_fds.os)
                0x0000000000015410                __libc_check_standard_fds
 *fill*         0x0000000000015442        0x2 90909090
 .text          0x0000000000015444        0x0 /home/tm/Graphene/graphene/LibOS/build/elf/rtld-libc.a(rtld-errno.os)
 *fill*         0x0000000000015444        0xc 90909090
 .text          0x0000000000015450       0x29 /home/tm/Graphene/graphene/LibOS/build/elf/rtld-libc.a(rtld-closedir.os)
                0x0000000000015450                __closedir
                0x0000000000015450                closedir
 *fill*         0x0000000000015479        0x7 90909090
 .text          0x0000000000015480       0x82 /home/tm/Graphene/graphene/LibOS/build/elf/rtld-libc.a(rtld-readdir.os)
                0x0000000000015480                readdir
                0x0000000000015480                __readdir64
                0x0000000000015480                __readdir
                0x0000000000015480                readdir64
 *fill*         0x0000000000015502        0xe 90909090
 .text          0x0000000000015510       0x29 /home/tm/Graphene/graphene/LibOS/build/elf/rtld-libc.a(rtld-rewinddir.os)
                0x0000000000015510                rewinddir
 *fill*         0x0000000000015539        0x7 90909090
 .text          0x0000000000015540       0x87 /home/tm/Graphene/graphene/LibOS/build/elf/rtld-libc.a(rtld-getdents.os)
                0x0000000000015540                __getdents
                0x0000000000015540                __getdents64
 *fill*         0x00000000000155c7        0x9 90909090
 .text          0x00000000000155d0       0x81 /home/tm/Graphene/graphene/LibOS/build/elf/rtld-libc.a(rtld-fdopendir.os)
                0x00000000000155d0                fdopendir
                0x00000000000155d0                __fdopendir
 *fill*         0x0000000000015651        0xf 90909090
 .text          0x0000000000015660      0x137 /home/tm/Graphene/graphene/LibOS/build/elf/rtld-libc.a(rtld-profil.os)
                0x00000000000156c0                __profil
                0x00000000000156c0                profil
 *fill*         0x0000000000015797        0x9 90909090
 .text          0x00000000000157a0        0x7 /home/tm/Graphene/graphene/LibOS/build/elf/rtld-libc.a(rtld-prof-freq.os)
                0x00000000000157a0                __profile_frequency
 *fill*         0x00000000000157a7        0x9 90909090
 .text          0x00000000000157b0       0x4f /home/tm/Graphene/graphene/LibOS/build/elf/rtld-libc.a(rtld-xstat.os)
                0x00000000000157b0                _xstat
                0x00000000000157b0                __xstat64
                0x00000000000157b0                __GI___xstat64
                0x00000000000157b0                __GI___xstat
                0x00000000000157b0                __xstat
 *fill*         0x00000000000157ff        0x1 90909090
 .text          0x0000000000015800       0x4f /home/tm/Graphene/graphene/LibOS/build/elf/rtld-libc.a(rtld-fxstat.os)
                0x0000000000015800                __GI___fxstat
                0x0000000000015800                __GI___fxstat64
                0x0000000000015800                __fxstat64
                0x0000000000015800                _fxstat
                0x0000000000015800                __fxstat
 *fill*         0x000000000001584f        0x1 90909090
 .text          0x0000000000015850       0x4f /home/tm/Graphene/graphene/LibOS/build/elf/rtld-libc.a(rtld-lxstat.os)
                0x0000000000015850                __GI___lxstat
                0x0000000000015850                _lxstat
                0x0000000000015850                __lxstat
                0x0000000000015850                __lxstat64
                0x0000000000015850                __GI___lxstat64
 *fill*         0x000000000001589f        0x1 90909090
 .text          0x00000000000158a0       0x29 /home/tm/Graphene/graphene/LibOS/build/elf/rtld-libc.a(rtld-open.os)
                0x00000000000158a0                __open
                0x00000000000158a0                __libc_open
                0x00000000000158a0                open64
                0x00000000000158a0                open
                0x00000000000158a0                __open64
 *fill*         0x00000000000158c9        0x7 90909090
 .text          0x00000000000158d0       0x29 /home/tm/Graphene/graphene/LibOS/build/elf/rtld-libc.a(rtld-close.os)
                0x00000000000158d0                __libc_close
                0x00000000000158d0                __close
                0x00000000000158d0                close
 *fill*         0x00000000000158f9        0x7 90909090
 .text          0x0000000000015900       0x29 /home/tm/Graphene/graphene/LibOS/build/elf/rtld-libc.a(rtld-read.os)
                0x0000000000015900                __read
                0x0000000000015900                __libc_read
                0x0000000000015900                read
 *fill*         0x0000000000015929        0x7 90909090
 .text          0x0000000000015930       0x29 /home/tm/Graphene/graphene/LibOS/build/elf/rtld-libc.a(rtld-write.os)
                0x0000000000015930                __write
                0x0000000000015930                write
                0x0000000000015930                __libc_write
 *fill*         0x0000000000015959        0x7 90909090
 .text          0x0000000000015960       0x29 /home/tm/Graphene/graphene/LibOS/build/elf/rtld-libc.a(rtld-access.os)
                0x0000000000015960                access
                0x0000000000015960                __access
 *fill*         0x0000000000015989        0x7 90909090
 .text          0x0000000000015990       0xfd /home/tm/Graphene/graphene/LibOS/build/elf/rtld-libc.a(rtld-fcntl.os)
                0x0000000000015990                __libc_fcntl
                0x0000000000015990                __fcntl
                0x0000000000015990                fcntl
 *fill*         0x0000000000015a8d        0x3 90909090
 .text          0x0000000000015a90       0x2c /home/tm/Graphene/graphene/LibOS/build/elf/rtld-libc.a(rtld-mmap.os)
                0x0000000000015a90                __mmap
                0x0000000000015a90                mmap
                0x0000000000015a90                __mmap64
                0x0000000000015a90                mmap64
 *fill*         0x0000000000015abc        0x4 90909090
 .text          0x0000000000015ac0       0x29 /home/tm/Graphene/graphene/LibOS/build/elf/rtld-libc.a(rtld-munmap.os)
                0x0000000000015ac0                munmap
                0x0000000000015ac0                __munmap
 *fill*         0x0000000000015ae9        0x7 90909090
 .text          0x0000000000015af0       0x29 /home/tm/Graphene/graphene/LibOS/build/elf/rtld-libc.a(rtld-mprotect.os)
                0x0000000000015af0                __mprotect
                0x0000000000015af0                mprotect
 *fill*         0x0000000000015b19        0x7 90909090
 .text          0x0000000000015b20       0x29 /home/tm/Graphene/graphene/LibOS/build/elf/rtld-libc.a(rtld-llseek.os)
                0x0000000000015b20                __llseek
                0x0000000000015b20                __lseek64
                0x0000000000015b20                lseek
                0x0000000000015b20                __libc_lseek64
                0x0000000000015b20                llseek
                0x0000000000015b20                __lseek
                0x0000000000015b20                __libc_lseek
                0x0000000000015b20                lseek64
 *fill*         0x0000000000015b49        0x7 90909090
 .text          0x0000000000015b50       0x29 /home/tm/Graphene/graphene/LibOS/build/elf/rtld-libc.a(rtld-uname.os)
                0x0000000000015b50                uname
                0x0000000000015b50                __uname
 *fill*         0x0000000000015b79        0x7 90909090
 .text          0x0000000000015b80       0x5a /home/tm/Graphene/graphene/LibOS/build/elf/rtld-libc.a(rtld-_exit.os)
                0x0000000000015b80                _Exit
                0x0000000000015b80                _exit
 *fill*         0x0000000000015bda        0x6 90909090
 .text          0x0000000000015be0       0x11 /home/tm/Graphene/graphene/LibOS/build/elf/rtld-libc.a(rtld-getpid.os)
                0x0000000000015be0                __getpid
                0x0000000000015be0                getpid
 *fill*         0x0000000000015bf1        0x3 90909090
 .text          0x0000000000015bf4        0x0 /home/tm/Graphene/graphene/LibOS/build/elf/rtld-libc.a(rtld-environ.os)
 *fill*         0x0000000000015bf4        0xc 90909090
 .text          0x0000000000015c00       0x4f /home/tm/Graphene/graphene/LibOS/build/elf/rtld-libc.a(rtld-setjmp.os)
                0x0000000000015c00                __sigsetjmp
                0x0000000000015c00                __GI___sigsetjmp
 *fill*         0x0000000000015c4f        0x1 90909090
 .text          0x0000000000015c50       0x4a /home/tm/Graphene/graphene/LibOS/build/elf/rtld-libc.a(rtld-__longjmp.os)
                0x0000000000015c50                __longjmp
 *fill*         0x0000000000015c9a        0x6 90909090
 .text          0x0000000000015ca0      0x23b /home/tm/Graphene/graphene/LibOS/build/elf/rtld-libc.a(rtld-sigaction.os)
                0x0000000000015cc0                __libc_sigaction
                0x0000000000015ec0                sigaction
                0x0000000000015ec0                __sigaction
 *fill*         0x0000000000015edb        0x5 90909090
 .text          0x0000000000015ee0       0x7c /home/tm/Graphene/graphene/LibOS/build/elf/rtld-libc.a(rtld-strchr.os)
                0x0000000000015ee0                index
                0x0000000000015ee0                strchr
 *fill*         0x0000000000015f5c        0x4 90909090
 .text          0x0000000000015f60       0x21 /home/tm/Graphene/graphene/LibOS/build/elf/rtld-libc.a(rtld-strcmp.os)
                0x0000000000015f60                strcmp
 *fill*         0x0000000000015f81        0xf 90909090
 .text          0x0000000000015f90       0xdc /home/tm/Graphene/graphene/LibOS/build/elf/rtld-libc.a(rtld-strcpy.os)
                0x0000000000015f90                strcpy
 *fill*         0x000000000001606c        0x4 90909090
 .text          0x0000000000016070       0xe9 /home/tm/Graphene/graphene/LibOS/build/elf/rtld-libc.a(rtld-strlen.os)
                0x0000000000016070                strlen
                0x0000000000016070                __GI_strlen
 *fill*         0x0000000000016159        0x7 90909090
 .text          0x0000000000016160       0x6d /home/tm/Graphene/graphene/LibOS/build/elf/rtld-libc.a(rtld-strnlen.os)
                0x0000000000016160                __strnlen
                0x0000000000016160                strnlen
 *fill*         0x00000000000161cd        0x3 90909090
 .text          0x00000000000161d0      0x344 /home/tm/Graphene/graphene/LibOS/build/elf/rtld-libc.a(rtld-memchr.os)
                0x00000000000161d0                memchr
                0x00000000000161d0                __memchr
 *fill*         0x0000000000016514        0xc 90909090
 .text          0x0000000000016520      0x4f2 /home/tm/Graphene/graphene/LibOS/build/elf/rtld-libc.a(rtld-memcmp.os)
                0x0000000000016520                bcmp
                0x0000000000016520                __GI_memcmp
                0x0000000000016520                memcmp
 *fill*         0x0000000000016a12        0xe 90909090
 .text          0x0000000000016a20      0x187 /home/tm/Graphene/graphene/LibOS/build/elf/rtld-libc.a(rtld-memmove.os)
                0x0000000000016a20                memmove
 *fill*         0x0000000000016ba7        0x9 90909090
 .text          0x0000000000016bb0      0x550 /home/tm/Graphene/graphene/LibOS/build/elf/rtld-libc.a(rtld-memset.os)
                0x0000000000016bb0                memset
 .text          0x0000000000017100      0x14d /home/tm/Graphene/graphene/LibOS/build/elf/rtld-libc.a(rtld-mempcpy.os)
                0x0000000000017100                mempcpy
                0x0000000000017100                __mempcpy
 *fill*         0x000000000001724d        0x3 90909090
 .text          0x0000000000017250       0xdc /home/tm/Graphene/graphene/LibOS/build/elf/rtld-libc.a(rtld-stpcpy.os)
                0x0000000000017250                stpcpy
                0x0000000000017250                __stpcpy
 *fill*         0x000000000001732c        0x4 90909090
 .text          0x0000000000017330      0x160 /home/tm/Graphene/graphene/LibOS/build/elf/rtld-libc.a(rtld-memcpy.os)
                0x0000000000017330                memcpy
 .text          0x0000000000017490      0x546 /home/tm/Graphene/graphene/LibOS/build/elf/rtld-libc.a(rtld-wordcopy.os)
                0x0000000000017490                _wordcopy_fwd_aligned
                0x00000000000175d0                _wordcopy_fwd_dest_aligned
                0x0000000000017700                _wordcopy_bwd_aligned
                0x0000000000017880                _wordcopy_bwd_dest_aligned
 *fill*         0x00000000000179d6        0xa 90909090
 .text          0x00000000000179e0      0x204 /home/tm/Graphene/graphene/LibOS/build/elf/rtld-libc.a(rtld-rawmemchr.os)
                0x00000000000179e0                __rawmemchr
                0x00000000000179e0                rawmemchr
 *fill*         0x0000000000017be4        0xc 90909090
 .text          0x0000000000017bf0      0x5b7 /home/tm/Graphene/graphene/LibOS/build/elf/rtld-libc.a(rtld-cacheinfo.os)
                0x0000000000018150                __cache_sysconf
 *fill*         0x00000000000181a7        0x9 90909090
 .text          0x00000000000181b0       0x29 /home/tm/Graphene/graphene/LibOS/build/elf/rtld-libc.a(rtld-setitimer.os)
                0x00000000000181b0                setitimer
                0x00000000000181b0                __setitimer
 *fill*         0x00000000000181d9        0x7 90909090
 .text          0x00000000000181e0      0x267 /home/tm/Graphene/graphene/LibOS/build/elf/rtld-libc.a(rtld-init-arch.os)
                0x00000000000181e0                __init_cpu_features
                0x0000000000018430                __get_cpu_features
 *fill*         0x0000000000018447        0x9 90909090
 .text          0x0000000000018450       0x8a /home/tm/Graphene/graphene/LibOS/build/elf/rtld-libc.a(rtld-bsearch.os)
                0x0000000000018450                bsearch
 *(.gnu.warning)

.text.unlikely  0x0000000000000000      0xa47
 .text.unlikely
                0x0000000000000000      0xa47 /home/tm/Graphene/graphene/LibOS/build/elf/dl-allobjs.os

.text.startup   0x0000000000000000      0x278
 .text.startup  0x0000000000000000      0x278 /home/tm/Graphene/graphene/LibOS/build/elf/rtld-libc.a(rtld-cacheinfo.os)

.fini
 *(.fini)

.rodata         0x0000000000000000     0x1040
 *(.rodata)
 .rodata        0x0000000000000000      0xbd0 /home/tm/Graphene/graphene/LibOS/build/elf/dl-allobjs.os
                0x0000000000000bc0                __GI__itoa_lower_digits
                0x0000000000000bc0                _itoa_lower_digits
 .rodata        0x0000000000000bd0      0x150 /home/tm/Graphene/graphene/LibOS/build/elf/rtld-libc.a(rtld-memset.os)
 .rodata        0x0000000000000d20       0x40 /home/tm/Graphene/graphene/LibOS/build/elf/rtld-libc.a(rtld-wordcopy.os)
 .rodata        0x0000000000000d60      0x2e0 /home/tm/Graphene/graphene/LibOS/build/elf/rtld-libc.a(rtld-cacheinfo.os)

.rodata.str1.1  0x0000000000000000     0x1045
 .rodata.str1.1
                0x0000000000000000      0xfef /home/tm/Graphene/graphene/LibOS/build/elf/dl-allobjs.os
 .rodata.str1.1
                0x0000000000000fef       0x14 /home/tm/Graphene/graphene/LibOS/build/elf/rtld-libc.a(rtld-check_fds.os)
 .rodata.str1.1
                0x0000000000001003       0x42 /home/tm/Graphene/graphene/LibOS/build/elf/rtld-libc.a(rtld-cacheinfo.os)

.rodata.str1.8  0x0000000000000000     0x25c3
 .rodata.str1.8
                0x0000000000000000     0x2591 /home/tm/Graphene/graphene/LibOS/build/elf/dl-allobjs.os
 *fill*         0x0000000000002591        0x7 00
 .rodata.str1.8
                0x0000000000002598       0x2b /home/tm/Graphene/graphene/LibOS/build/elf/rtld-libc.a(rtld-cacheinfo.os)

.rodata.str1.16
                0x0000000000000000      0x3d1
 .rodata.str1.16
                0x0000000000000000      0x3b3 /home/tm/Graphene/graphene/LibOS/build/elf/dl-allobjs.os
 *fill*         0x00000000000003b3        0xd 00
 .rodata.str1.16
                0x00000000000003c0       0x11 /home/tm/Graphene/graphene/LibOS/build/elf/rtld-libc.a(rtld-cacheinfo.os)

.rodata.cst4    0x0000000000000000        0x4
 .rodata.cst4   0x0000000000000000        0x4 /home/tm/Graphene/graphene/LibOS/build/elf/dl-allobjs.os

.rodata.str1.32
                0x0000000000000000      0x121
 .rodata.str1.32
                0x0000000000000000      0x121 /home/tm/Graphene/graphene/LibOS/build/elf/dl-allobjs.os

.rodata1
 *(.rodata1)

.eh_frame_hdr
 *(.eh_frame_hdr)

.eh_frame       0x0000000000000000     0x2a78
 *(.eh_frame)
 .eh_frame      0x0000000000000000     0x1dc8 /home/tm/Graphene/graphene/LibOS/build/elf/dl-allobjs.os
 .eh_frame      0x0000000000001dc8       0x58 /home/tm/Graphene/graphene/LibOS/build/elf/rtld-libc.a(rtld-check_fds.os)
 .eh_frame      0x0000000000001e20       0x38 /home/tm/Graphene/graphene/LibOS/build/elf/rtld-libc.a(rtld-closedir.os)
 .eh_frame      0x0000000000001e58       0x48 /home/tm/Graphene/graphene/LibOS/build/elf/rtld-libc.a(rtld-readdir.os)
 .eh_frame      0x0000000000001ea0       0x38 /home/tm/Graphene/graphene/LibOS/build/elf/rtld-libc.a(rtld-rewinddir.os)
 .eh_frame      0x0000000000001ed8       0x58 /home/tm/Graphene/graphene/LibOS/build/elf/rtld-libc.a(rtld-getdents.os)
 .eh_frame      0x0000000000001f30       0x40 /home/tm/Graphene/graphene/LibOS/build/elf/rtld-libc.a(rtld-fdopendir.os)
 .eh_frame      0x0000000000001f70       0x48 /home/tm/Graphene/graphene/LibOS/build/elf/rtld-libc.a(rtld-profil.os)
 .eh_frame      0x0000000000001fb8       0x30 /home/tm/Graphene/graphene/LibOS/build/elf/rtld-libc.a(rtld-prof-freq.os)
 .eh_frame      0x0000000000001fe8       0x40 /home/tm/Graphene/graphene/LibOS/build/elf/rtld-libc.a(rtld-xstat.os)
 .eh_frame      0x0000000000002028       0x40 /home/tm/Graphene/graphene/LibOS/build/elf/rtld-libc.a(rtld-fxstat.os)
 .eh_frame      0x0000000000002068       0x40 /home/tm/Graphene/graphene/LibOS/build/elf/rtld-libc.a(rtld-lxstat.os)
 .eh_frame      0x00000000000020a8       0x30 /home/tm/Graphene/graphene/LibOS/build/elf/rtld-libc.a(rtld-open.os)
 .eh_frame      0x00000000000020d8       0x30 /home/tm/Graphene/graphene/LibOS/build/elf/rtld-libc.a(rtld-close.os)
 .eh_frame      0x0000000000002108       0x30 /home/tm/Graphene/graphene/LibOS/build/elf/rtld-libc.a(rtld-read.os)
 .eh_frame      0x0000000000002138       0x30 /home/tm/Graphene/graphene/LibOS/build/elf/rtld-libc.a(rtld-write.os)
 .eh_frame      0x0000000000002168       0x30 /home/tm/Graphene/graphene/LibOS/build/elf/rtld-libc.a(rtld-access.os)
 .eh_frame      0x0000000000002198       0x50 /home/tm/Graphene/graphene/LibOS/build/elf/rtld-libc.a(rtld-fcntl.os)
 .eh_frame      0x00000000000021e8       0x30 /home/tm/Graphene/graphene/LibOS/build/elf/rtld-libc.a(rtld-mmap.os)
 .eh_frame      0x0000000000002218       0x30 /home/tm/Graphene/graphene/LibOS/build/elf/rtld-libc.a(rtld-munmap.os)
 .eh_frame      0x0000000000002248       0x30 /home/tm/Graphene/graphene/LibOS/build/elf/rtld-libc.a(rtld-mprotect.os)
 .eh_frame      0x0000000000002278       0x30 /home/tm/Graphene/graphene/LibOS/build/elf/rtld-libc.a(rtld-llseek.os)
 .eh_frame      0x00000000000022a8       0x30 /home/tm/Graphene/graphene/LibOS/build/elf/rtld-libc.a(rtld-uname.os)
 .eh_frame      0x00000000000022d8       0x30 /home/tm/Graphene/graphene/LibOS/build/elf/rtld-libc.a(rtld-_exit.os)
 .eh_frame      0x0000000000002308       0x38 /home/tm/Graphene/graphene/LibOS/build/elf/rtld-libc.a(rtld-getpid.os)
 .eh_frame      0x0000000000002340       0x30 /home/tm/Graphene/graphene/LibOS/build/elf/rtld-libc.a(rtld-setjmp.os)
 .eh_frame      0x0000000000002370       0x48 /home/tm/Graphene/graphene/LibOS/build/elf/rtld-libc.a(rtld-__longjmp.os)
 .eh_frame      0x00000000000023b8       0xf0 /home/tm/Graphene/graphene/LibOS/build/elf/rtld-libc.a(rtld-sigaction.os)
 .eh_frame      0x00000000000024a8       0x30 /home/tm/Graphene/graphene/LibOS/build/elf/rtld-libc.a(rtld-strchr.os)
 .eh_frame      0x00000000000024d8       0x30 /home/tm/Graphene/graphene/LibOS/build/elf/rtld-libc.a(rtld-strcmp.os)
 .eh_frame      0x0000000000002508       0x30 /home/tm/Graphene/graphene/LibOS/build/elf/rtld-libc.a(rtld-strcpy.os)
 .eh_frame      0x0000000000002538       0x30 /home/tm/Graphene/graphene/LibOS/build/elf/rtld-libc.a(rtld-strlen.os)
 .eh_frame      0x0000000000002568       0x30 /home/tm/Graphene/graphene/LibOS/build/elf/rtld-libc.a(rtld-strnlen.os)
 .eh_frame      0x0000000000002598       0x30 /home/tm/Graphene/graphene/LibOS/build/elf/rtld-libc.a(rtld-memchr.os)
 .eh_frame      0x00000000000025c8       0x60 /home/tm/Graphene/graphene/LibOS/build/elf/rtld-libc.a(rtld-memcmp.os)
 .eh_frame      0x0000000000002628       0x68 /home/tm/Graphene/graphene/LibOS/build/elf/rtld-libc.a(rtld-memmove.os)
 .eh_frame      0x0000000000002690       0x30 /home/tm/Graphene/graphene/LibOS/build/elf/rtld-libc.a(rtld-memset.os)
 .eh_frame      0x00000000000026c0       0x30 /home/tm/Graphene/graphene/LibOS/build/elf/rtld-libc.a(rtld-mempcpy.os)
 .eh_frame      0x00000000000026f0       0x30 /home/tm/Graphene/graphene/LibOS/build/elf/rtld-libc.a(rtld-stpcpy.os)
 .eh_frame      0x0000000000002720       0x30 /home/tm/Graphene/graphene/LibOS/build/elf/rtld-libc.a(rtld-memcpy.os)
 .eh_frame      0x0000000000002750       0x80 /home/tm/Graphene/graphene/LibOS/build/elf/rtld-libc.a(rtld-wordcopy.os)
 .eh_frame      0x00000000000027d0       0x30 /home/tm/Graphene/graphene/LibOS/build/elf/rtld-libc.a(rtld-rawmemchr.os)
 .eh_frame      0x0000000000002800      0x198 /home/tm/Graphene/graphene/LibOS/build/elf/rtld-libc.a(rtld-cacheinfo.os)
 .eh_frame      0x0000000000002998       0x30 /home/tm/Graphene/graphene/LibOS/build/elf/rtld-libc.a(rtld-setitimer.os)
 .eh_frame      0x00000000000029c8       0x50 /home/tm/Graphene/graphene/LibOS/build/elf/rtld-libc.a(rtld-init-arch.os)
 .eh_frame      0x0000000000002a18       0x60 /home/tm/Graphene/graphene/LibOS/build/elf/rtld-libc.a(rtld-bsearch.os)

.gcc_except_table
 *(.gcc_except_table .gcc_except_table.*)

.exception_ranges
 *(.exception_ranges .exception_ranges*)

.eh_frame
 *(.eh_frame)

.gcc_except_table
 *(.gcc_except_table .gcc_except_table.*)

.exception_ranges
 *(.exception_ranges .exception_ranges*)

.tdata
 *(.tdata)

.tbss
 *(.tbss)

.preinit_array
 *(.preinit_array)

.jcr
 *(.jcr)

.dynamic
 *(.dynamic)

.got
 *(.got)
 *(.igot)

.got.plt
 *(.got.plt)
 *(.igot.plt)

.data           0x0000000000000000      0xfe0
 *(.data)
 .data          0x0000000000000000      0xf9c /home/tm/Graphene/graphene/LibOS/build/elf/dl-allobjs.os
                0x0000000000000000                glibc_vers_2_17
                0x0000000000000020                _rtld_global
                0x0000000000000020                _rtld_local
 .data          0x0000000000000f9c        0x0 /home/tm/Graphene/graphene/LibOS/build/elf/rtld-libc.a(rtld-check_fds.os)
 .data          0x0000000000000f9c        0x0 /home/tm/Graphene/graphene/LibOS/build/elf/rtld-libc.a(rtld-errno.os)
 .data          0x0000000000000f9c        0x0 /home/tm/Graphene/graphene/LibOS/build/elf/rtld-libc.a(rtld-closedir.os)
 .data          0x0000000000000f9c        0x0 /home/tm/Graphene/graphene/LibOS/build/elf/rtld-libc.a(rtld-readdir.os)
 .data          0x0000000000000f9c        0x0 /home/tm/Graphene/graphene/LibOS/build/elf/rtld-libc.a(rtld-rewinddir.os)
 .data          0x0000000000000f9c        0x0 /home/tm/Graphene/graphene/LibOS/build/elf/rtld-libc.a(rtld-getdents.os)
 .data          0x0000000000000f9c        0x0 /home/tm/Graphene/graphene/LibOS/build/elf/rtld-libc.a(rtld-fdopendir.os)
 .data          0x0000000000000f9c        0x0 /home/tm/Graphene/graphene/LibOS/build/elf/rtld-libc.a(rtld-profil.os)
 .data          0x0000000000000f9c        0x0 /home/tm/Graphene/graphene/LibOS/build/elf/rtld-libc.a(rtld-prof-freq.os)
 .data          0x0000000000000f9c        0x0 /home/tm/Graphene/graphene/LibOS/build/elf/rtld-libc.a(rtld-xstat.os)
 .data          0x0000000000000f9c        0x0 /home/tm/Graphene/graphene/LibOS/build/elf/rtld-libc.a(rtld-fxstat.os)
 .data          0x0000000000000f9c        0x0 /home/tm/Graphene/graphene/LibOS/build/elf/rtld-libc.a(rtld-lxstat.os)
 .data          0x0000000000000f9c        0x0 /home/tm/Graphene/graphene/LibOS/build/elf/rtld-libc.a(rtld-open.os)
 .data          0x0000000000000f9c        0x0 /home/tm/Graphene/graphene/LibOS/build/elf/rtld-libc.a(rtld-close.os)
 .data          0x0000000000000f9c        0x0 /home/tm/Graphene/graphene/LibOS/build/elf/rtld-libc.a(rtld-read.os)
 .data          0x0000000000000f9c        0x0 /home/tm/Graphene/graphene/LibOS/build/elf/rtld-libc.a(rtld-write.os)
 .data          0x0000000000000f9c        0x0 /home/tm/Graphene/graphene/LibOS/build/elf/rtld-libc.a(rtld-access.os)
 .data          0x0000000000000f9c        0x0 /home/tm/Graphene/graphene/LibOS/build/elf/rtld-libc.a(rtld-fcntl.os)
 .data          0x0000000000000f9c        0x0 /home/tm/Graphene/graphene/LibOS/build/elf/rtld-libc.a(rtld-mmap.os)
 .data          0x0000000000000f9c        0x0 /home/tm/Graphene/graphene/LibOS/build/elf/rtld-libc.a(rtld-munmap.os)
 .data          0x0000000000000f9c        0x0 /home/tm/Graphene/graphene/LibOS/build/elf/rtld-libc.a(rtld-mprotect.os)
 .data          0x0000000000000f9c        0x0 /home/tm/Graphene/graphene/LibOS/build/elf/rtld-libc.a(rtld-llseek.os)
 .data          0x0000000000000f9c        0x0 /home/tm/Graphene/graphene/LibOS/build/elf/rtld-libc.a(rtld-uname.os)
 .data          0x0000000000000f9c        0x0 /home/tm/Graphene/graphene/LibOS/build/elf/rtld-libc.a(rtld-_exit.os)
 .data          0x0000000000000f9c        0x0 /home/tm/Graphene/graphene/LibOS/build/elf/rtld-libc.a(rtld-getpid.os)
 .data          0x0000000000000f9c        0x0 /home/tm/Graphene/graphene/LibOS/build/elf/rtld-libc.a(rtld-environ.os)
 .data          0x0000000000000f9c        0x0 /home/tm/Graphene/graphene/LibOS/build/elf/rtld-libc.a(rtld-setjmp.os)
 .data          0x0000000000000f9c        0x0 /home/tm/Graphene/graphene/LibOS/build/elf/rtld-libc.a(rtld-__longjmp.os)
 .data          0x0000000000000f9c        0x0 /home/tm/Graphene/graphene/LibOS/build/elf/rtld-libc.a(rtld-sigaction.os)
 .data          0x0000000000000f9c        0x0 /home/tm/Graphene/graphene/LibOS/build/elf/rtld-libc.a(rtld-strchr.os)
 .data          0x0000000000000f9c        0x0 /home/tm/Graphene/graphene/LibOS/build/elf/rtld-libc.a(rtld-strcmp.os)
 .data          0x0000000000000f9c        0x0 /home/tm/Graphene/graphene/LibOS/build/elf/rtld-libc.a(rtld-strcpy.os)
 .data          0x0000000000000f9c        0x0 /home/tm/Graphene/graphene/LibOS/build/elf/rtld-libc.a(rtld-strlen.os)
 .data          0x0000000000000f9c        0x0 /home/tm/Graphene/graphene/LibOS/build/elf/rtld-libc.a(rtld-strnlen.os)
 .data          0x0000000000000f9c        0x0 /home/tm/Graphene/graphene/LibOS/build/elf/rtld-libc.a(rtld-memchr.os)
 .data          0x0000000000000f9c        0x0 /home/tm/Graphene/graphene/LibOS/build/elf/rtld-libc.a(rtld-memcmp.os)
 .data          0x0000000000000f9c        0x0 /home/tm/Graphene/graphene/LibOS/build/elf/rtld-libc.a(rtld-memmove.os)
 .data          0x0000000000000f9c        0x0 /home/tm/Graphene/graphene/LibOS/build/elf/rtld-libc.a(rtld-memset.os)
 .data          0x0000000000000f9c        0x0 /home/tm/Graphene/graphene/LibOS/build/elf/rtld-libc.a(rtld-mempcpy.os)
 .data          0x0000000000000f9c        0x0 /home/tm/Graphene/graphene/LibOS/build/elf/rtld-libc.a(rtld-stpcpy.os)
 .data          0x0000000000000f9c        0x0 /home/tm/Graphene/graphene/LibOS/build/elf/rtld-libc.a(rtld-memcpy.os)
 .data          0x0000000000000f9c        0x0 /home/tm/Graphene/graphene/LibOS/build/elf/rtld-libc.a(rtld-wordcopy.os)
 .data          0x0000000000000f9c        0x0 /home/tm/Graphene/graphene/LibOS/build/elf/rtld-libc.a(rtld-rawmemchr.os)
 *fill*         0x0000000000000f9c        0x4 00
 .data          0x0000000000000fa0       0x40 /home/tm/Graphene/graphene/LibOS/build/elf/rtld-libc.a(rtld-cacheinfo.os)
                0x0000000000000fa0                __x86_64_raw_shared_cache_size
                0x0000000000000fa8                __x86_64_raw_shared_cache_size_half
                0x0000000000000fb0                __x86_64_shared_cache_size
                0x0000000000000fb8                __x86_64_shared_cache_size_half
                0x0000000000000fc0                __x86_64_raw_data_cache_size
                0x0000000000000fc8                __x86_64_raw_data_cache_size_half
                0x0000000000000fd0                __x86_64_data_cache_size
                0x0000000000000fd8                __x86_64_data_cache_size_half
 .data          0x0000000000000fe0        0x0 /home/tm/Graphene/graphene/LibOS/build/elf/rtld-libc.a(rtld-setitimer.os)
 .data          0x0000000000000fe0        0x0 /home/tm/Graphene/graphene/LibOS/build/elf/rtld-libc.a(rtld-init-arch.os)
 .data          0x0000000000000fe0        0x0 /home/tm/Graphene/graphene/LibOS/build/elf/rtld-libc.a(rtld-bsearch.os)

.data.rel.ro    0x0000000000000000      0x244
 .data.rel.ro   0x0000000000000000      0x244 /home/tm/Graphene/graphene/LibOS/build/elf/dl-allobjs.os
                0x0000000000000000                _rtld_global_ro
                0x0000000000000000                _rtld_local_ro
                0x0000000000000128                __pointer_chk_guard_local
                0x0000000000000130                _dl_skip_args
                0x0000000000000138                _dl_argv_internal
                0x0000000000000138                _dl_argv
                0x0000000000000140                _dl_argc
                0x00000000000001f0                __stack_prot
                0x0000000000000230                _dl_random
                0x0000000000000238                __libc_stack_end
                0x0000000000000238                __GI___libc_stack_end
                0x0000000000000240                __libc_enable_secure_internal
                0x0000000000000240                __libc_enable_secure

.ctors          0x0000000000000000        0x8
 .ctors         0x0000000000000000        0x8 /home/tm/Graphene/graphene/LibOS/build/elf/rtld-libc.a(rtld-cacheinfo.os)

.data1
 *(.data1)

.bss            0x0000000000000000      0x180
 *(.dynbss)
 *(.bss)
 .bss           0x0000000000000000      0x154 /home/tm/Graphene/graphene/LibOS/build/elf/dl-allobjs.os
                0x00000000000000a0                __libc_r_debug
                0x0000000000000128                __libc_multiple_libcs
                0x0000000000000148                __curbrk
 .bss           0x0000000000000154        0x0 /home/tm/Graphene/graphene/LibOS/build/elf/rtld-libc.a(rtld-check_fds.os)
 .bss           0x0000000000000154        0x0 /home/tm/Graphene/graphene/LibOS/build/elf/rtld-libc.a(rtld-errno.os)
 .bss           0x0000000000000154        0x0 /home/tm/Graphene/graphene/LibOS/build/elf/rtld-libc.a(rtld-closedir.os)
 .bss           0x0000000000000154        0x0 /home/tm/Graphene/graphene/LibOS/build/elf/rtld-libc.a(rtld-readdir.os)
 .bss           0x0000000000000154        0x0 /home/tm/Graphene/graphene/LibOS/build/elf/rtld-libc.a(rtld-rewinddir.os)
 .bss           0x0000000000000154        0x0 /home/tm/Graphene/graphene/LibOS/build/elf/rtld-libc.a(rtld-getdents.os)
 .bss           0x0000000000000154        0x0 /home/tm/Graphene/graphene/LibOS/build/elf/rtld-libc.a(rtld-fdopendir.os)
 *fill*         0x0000000000000154        0x4 00
 .bss           0x0000000000000158       0x1c /home/tm/Graphene/graphene/LibOS/build/elf/rtld-libc.a(rtld-profil.os)
 .bss           0x0000000000000174        0x0 /home/tm/Graphene/graphene/LibOS/build/elf/rtld-libc.a(rtld-prof-freq.os)
 .bss           0x0000000000000174        0x0 /home/tm/Graphene/graphene/LibOS/build/elf/rtld-libc.a(rtld-xstat.os)
 .bss           0x0000000000000174        0x0 /home/tm/Graphene/graphene/LibOS/build/elf/rtld-libc.a(rtld-fxstat.os)
 .bss           0x0000000000000174        0x0 /home/tm/Graphene/graphene/LibOS/build/elf/rtld-libc.a(rtld-lxstat.os)
 .bss           0x0000000000000174        0x0 /home/tm/Graphene/graphene/LibOS/build/elf/rtld-libc.a(rtld-open.os)
 .bss           0x0000000000000174        0x0 /home/tm/Graphene/graphene/LibOS/build/elf/rtld-libc.a(rtld-close.os)
 .bss           0x0000000000000174        0x0 /home/tm/Graphene/graphene/LibOS/build/elf/rtld-libc.a(rtld-read.os)
 .bss           0x0000000000000174        0x0 /home/tm/Graphene/graphene/LibOS/build/elf/rtld-libc.a(rtld-write.os)
 .bss           0x0000000000000174        0x0 /home/tm/Graphene/graphene/LibOS/build/elf/rtld-libc.a(rtld-access.os)
 .bss           0x0000000000000174        0x4 /home/tm/Graphene/graphene/LibOS/build/elf/rtld-libc.a(rtld-fcntl.os)
 .bss           0x0000000000000178        0x0 /home/tm/Graphene/graphene/LibOS/build/elf/rtld-libc.a(rtld-mmap.os)
 .bss           0x0000000000000178        0x0 /home/tm/Graphene/graphene/LibOS/build/elf/rtld-libc.a(rtld-munmap.os)
 .bss           0x0000000000000178        0x0 /home/tm/Graphene/graphene/LibOS/build/elf/rtld-libc.a(rtld-mprotect.os)
 .bss           0x0000000000000178        0x0 /home/tm/Graphene/graphene/LibOS/build/elf/rtld-libc.a(rtld-llseek.os)
 .bss           0x0000000000000178        0x0 /home/tm/Graphene/graphene/LibOS/build/elf/rtld-libc.a(rtld-uname.os)
 .bss           0x0000000000000178        0x0 /home/tm/Graphene/graphene/LibOS/build/elf/rtld-libc.a(rtld-_exit.os)
 .bss           0x0000000000000178        0x0 /home/tm/Graphene/graphene/LibOS/build/elf/rtld-libc.a(rtld-getpid.os)
 .bss           0x0000000000000178        0x8 /home/tm/Graphene/graphene/LibOS/build/elf/rtld-libc.a(rtld-environ.os)
                0x0000000000000178                _environ
                0x0000000000000178                __environ
                0x0000000000000178                environ
 .bss           0x0000000000000180        0x0 /home/tm/Graphene/graphene/LibOS/build/elf/rtld-libc.a(rtld-setjmp.os)
 .bss           0x0000000000000180        0x0 /home/tm/Graphene/graphene/LibOS/build/elf/rtld-libc.a(rtld-__longjmp.os)
 .bss           0x0000000000000180        0x0 /home/tm/Graphene/graphene/LibOS/build/elf/rtld-libc.a(rtld-sigaction.os)
 .bss           0x0000000000000180        0x0 /home/tm/Graphene/graphene/LibOS/build/elf/rtld-libc.a(rtld-strchr.os)
 .bss           0x0000000000000180        0x0 /home/tm/Graphene/graphene/LibOS/build/elf/rtld-libc.a(rtld-strcmp.os)
 .bss           0x0000000000000180        0x0 /home/tm/Graphene/graphene/LibOS/build/elf/rtld-libc.a(rtld-strcpy.os)
 .bss           0x0000000000000180        0x0 /home/tm/Graphene/graphene/LibOS/build/elf/rtld-libc.a(rtld-strlen.os)
 .bss           0x0000000000000180        0x0 /home/tm/Graphene/graphene/LibOS/build/elf/rtld-libc.a(rtld-strnlen.os)
 .bss           0x0000000000000180        0x0 /home/tm/Graphene/graphene/LibOS/build/elf/rtld-libc.a(rtld-memchr.os)
 .bss           0x0000000000000180        0x0 /home/tm/Graphene/graphene/LibOS/build/elf/rtld-libc.a(rtld-memcmp.os)
 .bss           0x0000000000000180        0x0 /home/tm/Graphene/graphene/LibOS/build/elf/rtld-libc.a(rtld-memmove.os)
 .bss           0x0000000000000180        0x0 /home/tm/Graphene/graphene/LibOS/build/elf/rtld-libc.a(rtld-memset.os)
 .bss           0x0000000000000180        0x0 /home/tm/Graphene/graphene/LibOS/build/elf/rtld-libc.a(rtld-mempcpy.os)
 .bss           0x0000000000000180        0x0 /home/tm/Graphene/graphene/LibOS/build/elf/rtld-libc.a(rtld-stpcpy.os)
 .bss           0x0000000000000180        0x0 /home/tm/Graphene/graphene/LibOS/build/elf/rtld-libc.a(rtld-memcpy.os)
 .bss           0x0000000000000180        0x0 /home/tm/Graphene/graphene/LibOS/build/elf/rtld-libc.a(rtld-wordcopy.os)
 .bss           0x0000000000000180        0x0 /home/tm/Graphene/graphene/LibOS/build/elf/rtld-libc.a(rtld-rawmemchr.os)
 .bss           0x0000000000000180        0x0 /home/tm/Graphene/graphene/LibOS/build/elf/rtld-libc.a(rtld-cacheinfo.os)
 .bss           0x0000000000000180        0x0 /home/tm/Graphene/graphene/LibOS/build/elf/rtld-libc.a(rtld-setitimer.os)
 .bss           0x0000000000000180        0x0 /home/tm/Graphene/graphene/LibOS/build/elf/rtld-libc.a(rtld-init-arch.os)
 .bss           0x0000000000000180        0x0 /home/tm/Graphene/graphene/LibOS/build/elf/rtld-libc.a(rtld-bsearch.os)
 *(COMMON)
 COMMON         0x0000000000000180        0x0 /home/tm/Graphene/graphene/LibOS/build/elf/rtld-libc.a(rtld-errno.os)
 COMMON         0x0000000000000180        0x0 /home/tm/Graphene/graphene/LibOS/build/elf/rtld-libc.a(rtld-cacheinfo.os)
 COMMON         0x0000000000000180        0x0 /home/tm/Graphene/graphene/LibOS/build/elf/rtld-libc.a(rtld-init-arch.os)

.lbss
 *(.dynlbss)
 *(.lbss)
 *(LARGE_COMMON)

.lrodata
 *(.lrodata)

.ldata
 *(.ldata)

.stab
 *(.stab)

.stabstr
 *(.stabstr)

.stab.excl
 *(.stab.excl)

.stab.exclstr
 *(.stab.exclstr)

.stab.index
 *(.stab.index)

.stab.indexstr
 *(.stab.indexstr)

.comment        0x0000000000000000      0x9be
 *(.comment)
 .comment       0x0000000000000000      0x5e1 /home/tm/Graphene/graphene/LibOS/build/elf/dl-allobjs.os
 .comment       0x00000000000005e1       0x2b /home/tm/Graphene/graphene/LibOS/build/elf/rtld-libc.a(rtld-check_fds.os)
 .comment       0x000000000000060c       0x2b /home/tm/Graphene/graphene/LibOS/build/elf/rtld-libc.a(rtld-errno.os)
 .comment       0x0000000000000637       0x2b /home/tm/Graphene/graphene/LibOS/build/elf/rtld-libc.a(rtld-closedir.os)
 .comment       0x0000000000000662       0x2b /home/tm/Graphene/graphene/LibOS/build/elf/rtld-libc.a(rtld-readdir.os)
 .comment       0x000000000000068d       0x2b /home/tm/Graphene/graphene/LibOS/build/elf/rtld-libc.a(rtld-rewinddir.os)
 .comment       0x00000000000006b8       0x2b /home/tm/Graphene/graphene/LibOS/build/elf/rtld-libc.a(rtld-getdents.os)
 .comment       0x00000000000006e3       0x2b /home/tm/Graphene/graphene/LibOS/build/elf/rtld-libc.a(rtld-fdopendir.os)
 .comment       0x000000000000070e       0x2b /home/tm/Graphene/graphene/LibOS/build/elf/rtld-libc.a(rtld-profil.os)
 .comment       0x0000000000000739       0x2b /home/tm/Graphene/graphene/LibOS/build/elf/rtld-libc.a(rtld-prof-freq.os)
 .comment       0x0000000000000764       0x2b /home/tm/Graphene/graphene/LibOS/build/elf/rtld-libc.a(rtld-xstat.os)
 .comment       0x000000000000078f       0x2b /home/tm/Graphene/graphene/LibOS/build/elf/rtld-libc.a(rtld-fxstat.os)
 .comment       0x00000000000007ba       0x2b /home/tm/Graphene/graphene/LibOS/build/elf/rtld-libc.a(rtld-lxstat.os)
 .comment       0x00000000000007e5       0x2b /home/tm/Graphene/graphene/LibOS/build/elf/rtld-libc.a(rtld-fcntl.os)
 .comment       0x0000000000000810       0x2b /home/tm/Graphene/graphene/LibOS/build/elf/rtld-libc.a(rtld-_exit.os)
 .comment       0x000000000000083b       0x2b /home/tm/Graphene/graphene/LibOS/build/elf/rtld-libc.a(rtld-getpid.os)
 .comment       0x0000000000000866       0x2b /home/tm/Graphene/graphene/LibOS/build/elf/rtld-libc.a(rtld-environ.os)
 .comment       0x0000000000000891       0x2b /home/tm/Graphene/graphene/LibOS/build/elf/rtld-libc.a(rtld-sigaction.os)
 .comment       0x00000000000008bc       0x2b /home/tm/Graphene/graphene/LibOS/build/elf/rtld-libc.a(rtld-memcmp.os)
 .comment       0x00000000000008e7       0x2b /home/tm/Graphene/graphene/LibOS/build/elf/rtld-libc.a(rtld-memmove.os)
 .comment       0x0000000000000912       0x2b /home/tm/Graphene/graphene/LibOS/build/elf/rtld-libc.a(rtld-wordcopy.os)
 .comment       0x000000000000093d       0x2b /home/tm/Graphene/graphene/LibOS/build/elf/rtld-libc.a(rtld-cacheinfo.os)
 .comment       0x0000000000000968       0x2b /home/tm/Graphene/graphene/LibOS/build/elf/rtld-libc.a(rtld-init-arch.os)
 .comment       0x0000000000000993       0x2b /home/tm/Graphene/graphene/LibOS/build/elf/rtld-libc.a(rtld-bsearch.os)

.note.GNU-stack
                0x0000000000000000        0x0
 .note.GNU-stack
                0x0000000000000000        0x0 /home/tm/Graphene/graphene/LibOS/build/elf/dl-allobjs.os
 .note.GNU-stack
                0x0000000000000000        0x0 /home/tm/Graphene/graphene/LibOS/build/elf/rtld-libc.a(rtld-check_fds.os)
 .note.GNU-stack
                0x0000000000000000        0x0 /home/tm/Graphene/graphene/LibOS/build/elf/rtld-libc.a(rtld-errno.os)
 .note.GNU-stack
                0x0000000000000000        0x0 /home/tm/Graphene/graphene/LibOS/build/elf/rtld-libc.a(rtld-closedir.os)
 .note.GNU-stack
                0x0000000000000000        0x0 /home/tm/Graphene/graphene/LibOS/build/elf/rtld-libc.a(rtld-readdir.os)
 .note.GNU-stack
                0x0000000000000000        0x0 /home/tm/Graphene/graphene/LibOS/build/elf/rtld-libc.a(rtld-rewinddir.os)
 .note.GNU-stack
                0x0000000000000000        0x0 /home/tm/Graphene/graphene/LibOS/build/elf/rtld-libc.a(rtld-getdents.os)
 .note.GNU-stack
                0x0000000000000000        0x0 /home/tm/Graphene/graphene/LibOS/build/elf/rtld-libc.a(rtld-fdopendir.os)
 .note.GNU-stack
                0x0000000000000000        0x0 /home/tm/Graphene/graphene/LibOS/build/elf/rtld-libc.a(rtld-profil.os)
 .note.GNU-stack
                0x0000000000000000        0x0 /home/tm/Graphene/graphene/LibOS/build/elf/rtld-libc.a(rtld-prof-freq.os)
 .note.GNU-stack
                0x0000000000000000        0x0 /home/tm/Graphene/graphene/LibOS/build/elf/rtld-libc.a(rtld-xstat.os)
 .note.GNU-stack
                0x0000000000000000        0x0 /home/tm/Graphene/graphene/LibOS/build/elf/rtld-libc.a(rtld-fxstat.os)
 .note.GNU-stack
                0x0000000000000000        0x0 /home/tm/Graphene/graphene/LibOS/build/elf/rtld-libc.a(rtld-lxstat.os)
 .note.GNU-stack
                0x0000000000000000        0x0 /home/tm/Graphene/graphene/LibOS/build/elf/rtld-libc.a(rtld-open.os)
 .note.GNU-stack
                0x0000000000000000        0x0 /home/tm/Graphene/graphene/LibOS/build/elf/rtld-libc.a(rtld-close.os)
 .note.GNU-stack
                0x0000000000000000        0x0 /home/tm/Graphene/graphene/LibOS/build/elf/rtld-libc.a(rtld-read.os)
 .note.GNU-stack
                0x0000000000000000        0x0 /home/tm/Graphene/graphene/LibOS/build/elf/rtld-libc.a(rtld-write.os)
 .note.GNU-stack
                0x0000000000000000        0x0 /home/tm/Graphene/graphene/LibOS/build/elf/rtld-libc.a(rtld-access.os)
 .note.GNU-stack
                0x0000000000000000        0x0 /home/tm/Graphene/graphene/LibOS/build/elf/rtld-libc.a(rtld-fcntl.os)
 .note.GNU-stack
                0x0000000000000000        0x0 /home/tm/Graphene/graphene/LibOS/build/elf/rtld-libc.a(rtld-mmap.os)
 .note.GNU-stack
                0x0000000000000000        0x0 /home/tm/Graphene/graphene/LibOS/build/elf/rtld-libc.a(rtld-munmap.os)
 .note.GNU-stack
                0x0000000000000000        0x0 /home/tm/Graphene/graphene/LibOS/build/elf/rtld-libc.a(rtld-mprotect.os)
 .note.GNU-stack
                0x0000000000000000        0x0 /home/tm/Graphene/graphene/LibOS/build/elf/rtld-libc.a(rtld-llseek.os)
 .note.GNU-stack
                0x0000000000000000        0x0 /home/tm/Graphene/graphene/LibOS/build/elf/rtld-libc.a(rtld-uname.os)
 .note.GNU-stack
                0x0000000000000000        0x0 /home/tm/Graphene/graphene/LibOS/build/elf/rtld-libc.a(rtld-_exit.os)
 .note.GNU-stack
                0x0000000000000000        0x0 /home/tm/Graphene/graphene/LibOS/build/elf/rtld-libc.a(rtld-getpid.os)
 .note.GNU-stack
                0x0000000000000000        0x0 /home/tm/Graphene/graphene/LibOS/build/elf/rtld-libc.a(rtld-environ.os)
 .note.GNU-stack
                0x0000000000000000        0x0 /home/tm/Graphene/graphene/LibOS/build/elf/rtld-libc.a(rtld-setjmp.os)
 .note.GNU-stack
                0x0000000000000000        0x0 /home/tm/Graphene/graphene/LibOS/build/elf/rtld-libc.a(rtld-__longjmp.os)
 .note.GNU-stack
                0x0000000000000000        0x0 /home/tm/Graphene/graphene/LibOS/build/elf/rtld-libc.a(rtld-sigaction.os)
 .note.GNU-stack
                0x0000000000000000        0x0 /home/tm/Graphene/graphene/LibOS/build/elf/rtld-libc.a(rtld-strchr.os)
 .note.GNU-stack
                0x0000000000000000        0x0 /home/tm/Graphene/graphene/LibOS/build/elf/rtld-libc.a(rtld-strcmp.os)
 .note.GNU-stack
                0x0000000000000000        0x0 /home/tm/Graphene/graphene/LibOS/build/elf/rtld-libc.a(rtld-strcpy.os)
 .note.GNU-stack
                0x0000000000000000        0x0 /home/tm/Graphene/graphene/LibOS/build/elf/rtld-libc.a(rtld-strlen.os)
 .note.GNU-stack
                0x0000000000000000        0x0 /home/tm/Graphene/graphene/LibOS/build/elf/rtld-libc.a(rtld-strnlen.os)
 .note.GNU-stack
                0x0000000000000000        0x0 /home/tm/Graphene/graphene/LibOS/build/elf/rtld-libc.a(rtld-memchr.os)
 .note.GNU-stack
                0x0000000000000000        0x0 /home/tm/Graphene/graphene/LibOS/build/elf/rtld-libc.a(rtld-memcmp.os)
 .note.GNU-stack
                0x0000000000000000        0x0 /home/tm/Graphene/graphene/LibOS/build/elf/rtld-libc.a(rtld-memmove.os)
 .note.GNU-stack
                0x0000000000000000        0x0 /home/tm/Graphene/graphene/LibOS/build/elf/rtld-libc.a(rtld-memset.os)
 .note.GNU-stack
                0x0000000000000000        0x0 /home/tm/Graphene/graphene/LibOS/build/elf/rtld-libc.a(rtld-mempcpy.os)
 .note.GNU-stack
                0x0000000000000000        0x0 /home/tm/Graphene/graphene/LibOS/build/elf/rtld-libc.a(rtld-stpcpy.os)
 .note.GNU-stack
                0x0000000000000000        0x0 /home/tm/Graphene/graphene/LibOS/build/elf/rtld-libc.a(rtld-memcpy.os)
 .note.GNU-stack
                0x0000000000000000        0x0 /home/tm/Graphene/graphene/LibOS/build/elf/rtld-libc.a(rtld-wordcopy.os)
 .note.GNU-stack
                0x0000000000000000        0x0 /home/tm/Graphene/graphene/LibOS/build/elf/rtld-libc.a(rtld-rawmemchr.os)
 .note.GNU-stack
                0x0000000000000000        0x0 /home/tm/Graphene/graphene/LibOS/build/elf/rtld-libc.a(rtld-cacheinfo.os)
 .note.GNU-stack
                0x0000000000000000        0x0 /home/tm/Graphene/graphene/LibOS/build/elf/rtld-libc.a(rtld-setitimer.os)
 .note.GNU-stack
                0x0000000000000000        0x0 /home/tm/Graphene/graphene/LibOS/build/elf/rtld-libc.a(rtld-init-arch.os)
 .note.GNU-stack
                0x0000000000000000        0x0 /home/tm/Graphene/graphene/LibOS/build/elf/rtld-libc.a(rtld-bsearch.os)

.debug
 *(.debug)

.line
 *(.line)

.debug_srcinfo
 *(.debug_srcinfo)

.debug_sfnames
 *(.debug_sfnames)

.debug_aranges
 *(.debug_aranges)

.debug_pubnames
 *(.debug_pubnames)

.debug_info
 *(.debug_info)

.debug_abbrev
 *(.debug_abbrev)

.debug_line
 *(.debug_line)

.debug_frame
 *(.debug_frame)

.debug_str
 *(.debug_str)

.debug_loc
 *(.debug_loc)

.debug_macinfo
 *(.debug_macinfo)

.debug_weaknames
 *(.debug_weaknames)

.debug_funcnames
 *(.debug_funcnames)

.debug_typenames
 *(.debug_typenames)

.debug_varnames
 *(.debug_varnames)

.debug_pubtypes
 *(.debug_pubtypes)

.debug_ranges
 *(.debug_ranges)

.gnu.attributes
 *(.gnu.attributes)
OUTPUT(/home/tm/Graphene/graphene/LibOS/build/elf/librtld.os elf64-x86-64)
